// Jest Snapshot v1, https://goo.gl/fbAQLP

exports[`appのテスト スナップショット 1`] = `
"Snapshot Diff:
- First value
+ Second value

  Object {
-   \\"initialize\\": false,
+   \\"initialize\\": true,
  }"
`;
